// Jest Snapshot v1, https://goo.gl/fbAQLP

exports[`schnitzelplatz when provided with mock 1 should work 1`] = `
Object {
  "days": Array [
    Object {
      "items": Array [
        Object {
          "name": "Dagens fångst-stroganoff med ris",
        },
        Object {
          "name": "Parmesanpanerad fläskschnitzel med soltorkad tomatkräm och rostad potatis",
          "title": "VECKANS SCHNITZEL",
        },
        Object {
          "name": "Pumpasoppa med smetana",
          "title": "VECKANS SOPPA",
        },
        Object {
          "name": "Bakad spetskål med äppelmajonnäs, haricots verts och rostat matvete",
          "title": "VECKANS VEGETARISKA",
        },
      ],
      "wday": "Måndag",
    },
    Object {
      "items": Array [
        Object {
          "name": "Dagens fångst, fänkålsbakad med vitlökssås och kokt potatis",
        },
        Object {
          "name": "Parmesanpanerad fläskschnitzel med soltorkad tomatkräm och rostad potatis",
          "title": "VECKANS SCHNITZEL",
        },
        Object {
          "name": "Pumpasoppa med smetana",
          "title": "VECKANS SOPPA",
        },
        Object {
          "name": "Bakad spetskål med äppelmajonnäs, haricots verts och rostat matvete",
          "title": "VECKANS VEGETARISKA",
        },
      ],
      "wday": "Tisdag",
    },
    Object {
      "items": Array [
        Object {
          "name": "Dagens fångst, sesambakad med sojamajonnäs och asiatisk kålsallad",
        },
        Object {
          "name": "Parmesanpanerad fläskschnitzel med soltorkad tomatkräm och rostad potatis",
          "title": "VECKANS SCHNITZEL",
        },
        Object {
          "name": "Pumpasoppa med smetana",
          "title": "VECKANS SOPPA",
        },
        Object {
          "name": "Bakad spetskål med äppelmajonnäs, haricots verts och rostat matvete",
          "title": "VECKANS VEGETARISKA",
        },
      ],
      "wday": "Onsdag",
    },
    Object {
      "items": Array [
        Object {
          "name": "Platz höstiga fiskgryta med saffransaioli",
        },
        Object {
          "name": "Parmesanpanerad fläskschnitzel med soltorkad tomatkräm och rostad potatis",
          "title": "VECKANS SCHNITZEL",
        },
        Object {
          "name": "Pumpasoppa med smetana",
          "title": "VECKANS SOPPA",
        },
        Object {
          "name": "Bakad spetskål med äppelmajonnäs, haricots verts och rostat matvete",
          "title": "VECKANS VEGETARISKA",
        },
      ],
      "wday": "Torsdag",
    },
    Object {
      "items": Array [
        Object {
          "name": "Dagens fångst med saffransdoftande vitvinssås, morot och potatisstomp",
        },
        Object {
          "name": "Parmesanpanerad fläskschnitzel med soltorkad tomatkräm och rostad potatis",
          "title": "VECKANS SCHNITZEL",
        },
        Object {
          "name": "Pumpasoppa med smetana",
          "title": "VECKANS SOPPA",
        },
        Object {
          "name": "Bakad spetskål med äppelmajonnäs, haricots verts och rostat matvete",
          "title": "VECKANS VEGETARISKA",
        },
      ],
      "wday": "Fredag",
    },
  ],
  "name": "Schnitzelplatz Lagerhuset",
  "url": "https://schnitzelplatz.se/lunch/",
}
`;
