// Jest Snapshot v1, https://goo.gl/fbAQLP

exports[`seaside when provided with mock 1 should work 1`] = `
Object {
  "days": Array [
    Object {
      "items": Array [
        Object {
          "name": "Grillad andouillekorv serveras med sötpotatis och chiliaioli samt rostad potatis och grönsaker",
          "title": "GÅRD",
        },
        Object {
          "name": "Fiskgryta på kummel, torsk, lax, blåmusslor och rotfrukter serveras med potatisstomp",
          "title": "HAV",
        },
        Object {
          "name": "Tofu Tikka masala serveras med naanbröd, mangochutney och basmatiris",
          "title": "ÄNG",
        },
      ],
      "wday": "Måndag",
    },
    Object {
      "items": Array [
        Object {
          "name": "Linguine med nattbakad högrev, basilika och soltorkad tomatsås samt riven parmesan",
          "title": "GÅRD",
        },
        Object {
          "name": "Örtstekt kummelfilé serveras med dill och räksås, kokt potatis och blomkålspuré",
          "title": "HAV",
        },
        Object {
          "name": "Tofu Tikka masala serveras med naanbröd, mangochutney och basmatiris",
          "title": "ÄNG",
        },
      ],
      "wday": "Tisdag",
    },
    Object {
      "items": Array [
        Object {
          "name": "Ostgratinerat kycklingbröst serveras med basilikasås och pilaffris samt ruccola",
          "title": "GÅRD",
        },
        Object {
          "name": "Pankopanerad sejfilé serveras med gochujangmajonnäs, rostad sesam och jasminris",
          "title": "HAV",
        },
        Object {
          "name": "Rödbetsbiff med fetaost serveras med rostad potatis och persiljekräm på färskost",
          "title": "ÄNG",
        },
      ],
      "wday": "Onsdag",
    },
    Object {
      "items": Array [
        Object {
          "name": "Pannbiff serveras med löksky, persilja, rårörda lingon, saltgurka och potatispuré",
          "title": "GÅRD",
        },
        Object {
          "name": "Potatis och purjolökssoppa med krutonger och bacon samt pannkakor med sylt och grädde",
          "title": "SOPPA",
        },
        Object {
          "name": "Rödbetsbiff med fetaost serveras med rostad potatis och persiljekräm på färskost",
          "title": "ÄNG",
        },
      ],
      "wday": "Torsdag",
    },
    Object {
      "items": Array [
        Object {
          "name": "Pulled porkburger serveras med BBQ-sås, coleslaw, picklad rödlök och friterad potatis",
          "title": "GÅRD",
        },
        Object {
          "name": "Ugnsbakad torskfilé serveras med citronsmörsås, haricots verts och gratinerad potatis",
          "title": "HAV",
        },
        Object {
          "name": "Ricotta och spenatfylld tortellini serveras med ratatouille och riven ost",
          "title": "ÄNG",
        },
      ],
      "wday": "Fredag",
    },
  ],
  "name": "Seaside",
  "url": "http://seaside.kvartersmenyn.se/",
}
`;

exports[`seaside when provided with mock 2 should work 1`] = `
Object {
  "days": Array [
    Object {
      "items": Array [
        Object {
          "name": "Strimlad biff och bambuskott i soyasås med rättikasallad serveras med ris",
          "title": "DAGENS 1",
        },
        Object {
          "name": "Gräddstuvad pytt i panna med stekt ägg och inlagda rödbetor",
          "title": "DAGENS 2",
        },
        Object {
          "name": "Dagens pasta",
          "title": "PASTA",
        },
        Object {
          "name": "Marockansk rotfruktsgryta med couscous samt aubergine & valnötsröra (vegan)",
          "title": "VEGETARISK",
        },
        Object {
          "name": "Välj ditt eget protein & plocka resten ifrån vår stora salladsbuffé",
          "title": "SALLAD",
        },
        Object {
          "name": "Ägg, korv & bacon med stekt potatis & stekt ägg",
          "title": "GRILL",
        },
      ],
      "wday": "Måndag",
    },
    Object {
      "items": Array [
        Object {
          "name": "Stekt fläsk med bruna bönor eller löksås samt kokt potatis",
          "title": "DAGENS 1",
        },
        Object {
          "name": "Fiskgryta med bouillabaisesås, rotfrukter och fänkål samt aioli",
          "title": "DAGENS 2",
        },
        Object {
          "name": "Dagens pasta",
          "title": "PASTA",
        },
        Object {
          "name": "Chili sin carne serveras med crème fraiche, picklad rödlök och råris",
          "title": "VEGETARISK",
        },
        Object {
          "name": "Välj ditt eget protein och plocka resten ifrån vår stora salladsbuffé",
          "title": "SALLAD",
        },
        Object {
          "name": "Ägg, korv och bacon med stekt potatis & stekt ägg",
          "title": "GRILL",
        },
      ],
      "wday": "Tisdag",
    },
    Object {
      "items": Array [
        Object {
          "name": "Kycklingfilé med medelhavsgrönsaker,  aubergine & bönröra samt örtbulgur",
          "title": "DAGENS 1",
        },
        Object {
          "name": "Panerad rödspätta med curryremouladesås, citron & kokt potatis",
          "title": "DAGENS 2",
        },
        Object {
          "name": "Dagens pasta",
          "title": "PASTA",
        },
        Object {
          "name": "Chili sin carne serveras med crème fraiche, picklad rödlök och råris",
          "title": "VEGETARISK",
        },
        Object {
          "name": "Välj ditt eget protein och plocka resten ifrån vår stora salladsbuffé",
          "title": "SALLAD",
        },
        Object {
          "name": "Ägg, korv och bacon med stekt potatis & stekt ägg",
          "title": "GRILL",
        },
      ],
      "wday": "Onsdag",
    },
    Object {
      "items": Array [
        Object {
          "name": "Ärtsoppa med fläsk och köttkorv samt pannkakor med sylt och vispad grädde",
          "title": "DAGENS 1",
        },
        Object {
          "name": "Husets lasagne serveras med  tomat, ruccola och rödlökssallad",
          "title": "DAGENS 2",
        },
        Object {
          "name": "Dagens pasta",
          "title": "PASTA",
        },
        Object {
          "name": "Lins och böngryta med sambal, koriander och kokosmjölk serveras med ris (vegan)",
          "title": "VEGETARISK",
        },
        Object {
          "name": "Välj ditt eget protein och plocka resten ifrån vår stora salladsbuffé",
          "title": "SALLAD",
        },
        Object {
          "name": "Ägg, korv och bacon med stekt potatis & stekt ägg",
          "title": "GRILL",
        },
      ],
      "wday": "Torsdag",
    },
    Object {
      "items": Array [
        Object {
          "name": "Wallenbergare med potatispuré, gröna ärtor, rårörda lingon & brynt smör",
          "title": "DAGENS 1",
        },
        Object {
          "name": "Örtbakad sejfilé med lökfräst bladspenat, dillslungad potatis och smörsås",
          "title": "DAGENS 2",
        },
        Object {
          "name": "Dagens pasta",
          "title": "PASTA",
        },
        Object {
          "name": "Lins och böngryta med sambal, koriander och kokosmjölk serveras med ris (vegan)",
          "title": "VEGETARISK",
        },
        Object {
          "name": "Välj ditt eget protein och plocka resten ifrån vår stora salladsbuffé",
          "title": "SALLAD",
        },
        Object {
          "name": "Ägg, korv och bacon med stekt potatis & stekt ägg",
          "title": "GRILL",
        },
      ],
      "wday": "Fredag",
    },
  ],
  "name": "Seaside",
  "url": "http://seaside.kvartersmenyn.se/",
}
`;
