// Jest Snapshot v1, https://goo.gl/fbAQLP

exports[`schnitzelplatz when provided with mock 1 should work 1`] = `
Object {
  "days": Array [
    Object {
      "items": Array [
        Object {
          "name": "Dagens fångst med rödbetor, brynt smör, kokt potatis och pepparrot",
        },
        Object {
          "name": "Fläskschnitzel med svampsås, stekt svamp & senapsslungad potatis",
          "title": "VECKANS SCHNITZEL",
        },
        Object {
          "name": "Potatis och purjolökssoppa med smetana",
          "title": "SOPPA",
        },
        Object {
          "name": "Kikärtsplättar, sötpotatis, rostad aioli, machesallad och citron",
          "title": "VECKANS VEGETARISKA",
        },
      ],
      "wday": "Måndag",
    },
    Object {
      "items": Array [
        Object {
          "name": "Dagens fångst med äggsås, krispigt bacon och potatisstomp",
        },
        Object {
          "name": "Fläskschnitzel med svampsås, stekt svamp & senapsslungad potatis",
          "title": "VECKANS SCHNITZEL",
        },
        Object {
          "name": "Potatis och purjolökssoppa med smetana",
          "title": "SOPPA",
        },
        Object {
          "name": "Kikärtsplättar, sötpotatis, rostad aioli, machesallad och citron",
          "title": "VECKANS VEGETARISKA",
        },
      ],
      "wday": "Tisdag",
    },
    Object {
      "items": Array [
        Object {
          "name": "Dagens fångst med bakad kål, lingonkräm och rostad potatis",
        },
        Object {
          "name": "Fläskschnitzel med svampsås, stekt svamp & senapsslungad potatis",
          "title": "VECKANS SCHNITZEL",
        },
        Object {
          "name": "Potatis och purjolökssoppa med smetana",
          "title": "SOPPA",
        },
        Object {
          "name": "Kikärtsplättar, sötpotatis, rostad aioli, machesallad och citron",
          "title": "VECKANS VEGETARISKA",
        },
      ],
      "wday": "Onsdag",
    },
    Object {
      "items": Array [
        Object {
          "name": "Vår klassiska fiskgryta med aioli",
        },
        Object {
          "name": "Fläskschnitzel med svampsås, stekt svamp & senapsslungad potatis",
          "title": "VECKANS SCHNITZEL",
        },
        Object {
          "name": "Potatis och purjolökssoppa med smetana",
          "title": "SOPPA",
        },
        Object {
          "name": "Kikärtsplättar, sötpotatis, rostad aioli, machesallad och citron",
          "title": "VECKANS VEGETARISKA",
        },
      ],
      "wday": "Torsdag",
    },
    Object {
      "items": Array [
        Object {
          "name": "Panerad fisk med dansk remoulad, syrad rödlök och kokt potatis",
        },
        Object {
          "name": "Fläskschnitzel med svampsås, stekt svamp & senapsslungad potatis",
          "title": "VECKANS SCHNITZEL",
        },
        Object {
          "name": "Potatis och purjolökssoppa med smetana",
          "title": "SOPPA",
        },
        Object {
          "name": "Kikärtsplättar, sötpotatis, rostad aioli, machesallad och citron",
          "title": "VECKANS VEGETARISKA",
        },
      ],
      "wday": "Fredag",
    },
  ],
  "name": "Schnitzelplatz Lagerhuset",
  "url": "https://schnitzelplatz.se/lunch/",
}
`;
